2026-07-30T23:16:22.756035	04a96115-67b6-0d43-087b-7d05f8faa0f1	DB ERR: UNIQUE constraint failed: OpenSourceTutorial.slug
2026-07-30T23:18:35.754107	05703b3b-1664-f1a4-0c2a-c801ac8b8305	content 为空或太短 (len=0)
2026-07-30T23:18:42.703870	057409e7-659c-e5cd-e618-52523e11f752	content 为空或太短 (len=0)
2026-07-30T23:18:49.657203	05b6987c-b8fe-026f-1372-87897f24c651	content 为空或太短 (len=0)
2026-07-30T23:18:56.464149	05c7b4d2-dcf2-77ce-93aa-82db2faa593b	content 为空或太短 (len=0)
2026-07-30T23:19:03.420723	05d78405-85a2-5936-f7a3-7becf8713339	content 为空或太短 (len=0)
2026-07-30T23:19:10.286278	05e2ca46-c654-6b1d-85c3-3991004fa8bb	content 为空或太短 (len=0)
2026-07-30T23:19:17.171884	05e44224-4f41-5023-5f09-10dd78e24bdd	content 为空或太短 (len=0)
2026-07-30T23:19:24.042115	05e9e9d9-620a-bc44-51d0-f449520a431e	content 为空或太短 (len=0)
2026-07-30T23:19:30.896920	05ebef02-0ca6-eb4b-403a-053b5f7ccd45	content 为空或太短 (len=0)
2026-07-30T23:19:37.883218	0673533e-b924-c609-e14d-650d15760763	content 为空或太短 (len=0)
2026-07-30T23:19:44.667725	069bfeac-beee-afcd-c654-0f1607d741d4	content 为空或太短 (len=0)
2026-07-30T23:19:51.574416	06aa3f0c-9f9b-4d20-8397-83fac90c0973	content 为空或太短 (len=0)
2026-07-30T23:19:58.389038	06ce231f-d0be-220e-89c8-b4f6a5a482a0	content 为空或太短 (len=0)
2026-07-30T23:20:05.305284	0760e3b9-838d-3388-ffe9-039cabbbbef5	content 为空或太短 (len=0)
2026-07-30T23:20:12.168586	0771dde0-34d3-5354-f159-75c626cffd2c	content 为空或太短 (len=0)
2026-07-30T23:20:19.008259	07a1c4fa-d749-ff59-387d-9b8a5f8e63ac	content 为空或太短 (len=0)
2026-07-30T23:20:25.769048	07a7016a-310e-5137-96d0-91d9dd7291b8	content 为空或太短 (len=0)
2026-07-30T23:20:32.699172	07a79cb5-ff2f-9742-a4d9-2f86bcf781de	content 为空或太短 (len=0)
2026-07-30T23:20:39.565420	083c8a03-1723-7c18-ec71-a192d729db1f	content 为空或太短 (len=0)
2026-07-30T23:20:46.539834	08546ee2-681f-2067-8fb8-75211f4e70cc	content 为空或太短 (len=0)
2026-07-30T23:20:53.458597	085ca209-8833-79ce-0adf-aefdd3ba19c8	content 为空或太短 (len=0)
2026-07-30T23:21:00.328002	08afb890-9837-56ab-b8a7-69d731da2a07	content 为空或太短 (len=0)
2026-07-30T23:21:07.109707	08b01721-9e7f-1cf0-c5b9-6619131df034	content 为空或太短 (len=0)
2026-07-30T23:21:14.051496	08f73acd-6903-0cf4-7ca2-1881a9e2b5f4	content 为空或太短 (len=0)
2026-07-30T23:21:20.851860	0921771b-d1f3-4f72-138b-5470a8ae0838	content 为空或太短 (len=0)
2026-07-30T23:21:27.776378	092e732a-ddf4-aecd-68a5-e009f9dce344	content 为空或太短 (len=0)
2026-07-30T23:21:34.624681	093edebd-af58-29d5-22d6-c33e002ef1e1	content 为空或太短 (len=0)
2026-07-30T23:21:41.418948	098a2d3c-81e7-f12d-15b9-e1384f3020a1	content 为空或太短 (len=0)
2026-07-30T23:21:48.324055	09b3f0fa-d461-6599-f7dc-9863ff78be2f	content 为空或太短 (len=0)
2026-07-30T23:21:55.209381	09b75e20-7d19-d3bb-309a-fb5223a5b365	content 为空或太短 (len=0)
2026-07-30T23:22:02.169975	09c35fc5-f6e6-00e6-6918-0ba3b7bf0f39	content 为空或太短 (len=0)
2026-07-30T23:22:09.091519	09d351c1-a783-35ab-1242-9e195400708a	content 为空或太短 (len=0)
2026-07-30T23:22:15.989462	09fbebb0-a20d-a002-efa0-b0c021ac91ba	content 为空或太短 (len=0)
2026-07-30T23:22:22.942822	0a3eefc6-0df7-31f2-d28f-12e1757f876a	content 为空或太短 (len=0)
2026-07-30T23:22:29.786335	0a53c5db-0f02-6bab-2463-42abaa5a7242	content 为空或太短 (len=0)
2026-07-30T23:22:36.776983	0a5bd1a9-bbb9-9bd0-3c7c-df7b1ef22ab4	content 为空或太短 (len=0)
2026-07-30T23:22:43.609451	0a922c28-9505-68f0-7ecc-689044f9a762	content 为空或太短 (len=0)
2026-07-30T23:22:50.450299	0ad33bc1-09b2-bbd7-7aba-133580619772	content 为空或太短 (len=0)
2026-07-30T23:22:57.289562	0adb003c-cb8a-9291-cad0-f612f79626a7	content 为空或太短 (len=0)
2026-07-30T23:23:04.254588	0b040f68-538c-510c-3f25-77bde79b2175	content 为空或太短 (len=0)
2026-07-30T23:23:11.302702	0b2e4b31-f2b2-bcc9-0769-3aab89c24fe3	content 为空或太短 (len=0)
2026-07-30T23:23:18.244898	0b54e82d-b187-45c6-bc69-1f573059400f	content 为空或太短 (len=0)
2026-07-30T23:23:25.109405	0b68f674-3760-5d0b-3c4b-26665aac7427	content 为空或太短 (len=0)
2026-07-30T23:23:32.022577	0b8dd2c0-77c2-0b2a-c757-09b34804cd8f	content 为空或太短 (len=0)
2026-07-30T23:23:38.867551	0bd37ef0-85b4-dbbe-4ae1-d0b85fb46567	content 为空或太短 (len=0)
2026-07-30T23:23:45.686084	0c22ec24-7e42-2f70-3c42-6d257d320cc4	content 为空或太短 (len=0)
2026-07-30T23:23:52.562178	0c38e331-4e4d-3ef0-b32a-a7aab2abd8ab	content 为空或太短 (len=0)
2026-07-30T23:23:59.384991	0c62660c-cd4a-ea10-c3af-a1920b26b2d2	content 为空或太短 (len=0)
2026-07-30T23:24:06.435214	0c881492-540a-136d-e3f7-4899ed712f86	content 为空或太短 (len=0)
2026-07-30T23:24:13.296319	0c8db204-f366-3dee-4204-7fc6de3eda42	content 为空或太短 (len=0)
2026-07-30T23:24:20.114935	0ca13419-fb4f-ed34-2540-baf502d16578	content 为空或太短 (len=0)
2026-07-30T23:24:27.021781	0caa5a77-4557-4571-f2d8-e723f7bd83b5	content 为空或太短 (len=0)
2026-07-30T23:24:33.840658	0cdce976-b516-10d6-f285-aec609d013f3	content 为空或太短 (len=0)
2026-07-30T23:24:40.856929	0cea9a88-8aa9-18f5-fe47-50623544e979	content 为空或太短 (len=0)
2026-07-30T23:24:47.692636	0d36bae0-296b-1f05-dcac-1d9aea09271a	content 为空或太短 (len=0)
2026-07-30T23:24:54.505230	0d5f1c73-4527-2ec9-f3ce-b39659dd4dc1	content 为空或太短 (len=0)
2026-07-30T23:25:01.443610	0d6dd33d-8c79-66a8-b39e-f1d298cba862	content 为空或太短 (len=0)
2026-07-30T23:25:08.270076	0db41a05-4949-ee36-80bc-bb44a2e81892	content 为空或太短 (len=0)
2026-07-30T23:25:15.148320	0dc73c4a-6ac2-2fe2-90c9-ed0a7890c70c	content 为空或太短 (len=0)
2026-07-30T23:25:21.933844	0dfb9fe0-7524-01ff-2991-d07215322de6	content 为空或太短 (len=0)
2026-07-30T23:25:28.874183	0e0eb860-ba43-eb2d-3258-3b42c4b6484c	content 为空或太短 (len=0)
2026-07-31T05:18:36.821900	04a96115-67b6-0d43-087b-7d05f8faa0f1	DB ERR: UNIQUE constraint failed: OpenSourceTutorial.slug
2026-07-31T05:19:20.126097	057409e7-659c-e5cd-e618-52523e11f752	DB ERR: UNIQUE constraint failed: OpenSourceTutorial.slug
2026-07-31T05:20:27.606330	05e2ca46-c654-6b1d-85c3-3991004fa8bb	DB ERR: UNIQUE constraint failed: OpenSourceTutorial.slug
2026-07-31T05:36:21.569890	0d36bae0-296b-1f05-dcac-1d9aea09271a	DB ERR: UNIQUE constraint failed: OpenSourceTutorial.slug
2026-07-31T05:36:32.855487	0d5f1c73-4527-2ec9-f3ce-b39659dd4dc1	DB ERR: UNIQUE constraint failed: OpenSourceTutorial.slug
2026-07-31T05:37:31.604723	0dc73c4a-6ac2-2fe2-90c9-ed0a7890c70c	DB ERR: UNIQUE constraint failed: OpenSourceTutorial.slug
2026-07-31T09:32:15.243109	1058faa4-2062-8cb1-aa0f-3c853d9c9e86	DB ERR: UNIQUE constraint failed: OpenSourceTutorial.slug
2026-07-31T09:32:33.317851	1088124d-057a-91bf-e2bf-cac604492ca1	content 为空或太短 (len=0)
2026-07-31T09:32:42.512637	10d53591-f21d-cee1-0752-237e5e37c38f	DB ERR: UNIQUE constraint failed: OpenSourceTutorial.slug
2026-07-31T09:32:44.432107	1100682c-1884-6bf5-9a25-1a3e5b7692ac	DB ERR: database is locked
2026-07-31T09:33:39.585523	11226bb0-0903-08e0-7dd5-81a6414ba657	DB ERR: database is locked
2026-07-31T09:34:48.217527	116b97db-9e1e-30bb-1132-e250e28cd193	DB ERR: UNIQUE constraint failed: OpenSourceTutorial.slug
2026-07-31T09:35:10.860202	11828016-12bf-6d28-167f-ee80d5b07956	DB ERR: UNIQUE constraint failed: OpenSourceTutorial.slug
2026-07-31T09:35:29.046039	121565e3-8739-5544-2c19-cbb68989503c	DB ERR: database is locked
2026-07-31T09:35:29.531925	119fdd5d-c151-a554-10f7-c17547ce84f0	DB ERR: UNIQUE constraint failed: OpenSourceTutorial.slug
2026-07-31T09:35:48.018176	12372c6e-dc58-c89d-1c79-e95cfd533a94	DB ERR: database is locked
2026-07-31T09:37:12.693384	123e7910-4819-1f06-03f7-f9643dfc0cb2	DB ERR: UNIQUE constraint failed: OpenSourceTutorial.slug
2026-07-31T09:37:30.849763	12a8a2ae-927d-4096-9cf2-c33940a4cb28	DB ERR: UNIQUE constraint failed: OpenSourceTutorial.slug
2026-07-31T09:37:40.653782	13d6cf28-6f4f-e470-f9bc-960d43d53fdf	DB ERR: database is locked
2026-07-31T09:38:08.136568	13e60540-8f6a-c1cc-baf6-d5b198293149	DB ERR: database is locked
2026-07-31T09:38:15.913613	1371e830-d601-5499-6b02-0c11adbd0c3d	DB ERR: UNIQUE constraint failed: OpenSourceTutorial.slug
2026-07-31T09:38:36.259593	147fdb3e-4f32-f312-ec90-862bbefbe1b1	DB ERR: database is locked
2026-07-31T09:39:10.373399	13d6cf28-6f4f-e470-f9bc-960d43d53fdf	content 为空或太短 (len=0)
2026-07-31T09:39:13.774231	14c58b53-e32e-f734-5e78-4078be2e4fd6	DB ERR: database is locked
2026-07-31T09:39:14.724614	13d6cf28-6f4f-e470-f9bc-960d43d53fdf	DB ERR: database is locked
2026-07-31T09:39:46.696181	13e60540-8f6a-c1cc-baf6-d5b198293149	DB ERR: database is locked
2026-07-31T09:39:49.461455	14dbdf33-4ddc-9919-67b9-2f1edf6dc39c	DB ERR: database is locked
2026-07-31T09:39:53.276121	13e60540-8f6a-c1cc-baf6-d5b198293149	content 为空或太短 (len=0)
2026-07-31T09:40:23.491661	147fdb3e-4f32-f312-ec90-862bbefbe1b1	DB ERR: UNIQUE constraint failed: OpenSourceTutorial.slug
2026-07-31T09:40:36.795569	14f1172c-3f5e-965d-0963-699b036f7145	DB ERR: database is locked
2026-07-31T09:41:07.106411	14c58b53-e32e-f734-5e78-4078be2e4fd6	content 为空或太短 (len=0)
2026-07-31T09:41:24.904896	14dbdf33-4ddc-9919-67b9-2f1edf6dc39c	content 为空或太短 (len=0)
2026-07-31T09:42:08.582298	14f1172c-3f5e-965d-0963-699b036f7145	content 为空或太短 (len=0)
2026-07-31T09:42:34.465233	154a9906-d5d8-89d1-ed35-177a9a6dd0b7	DB ERR: UNIQUE constraint failed: OpenSourceTutorial.slug
2026-07-31T09:42:45.135864	154a9906-d5d8-89d1-ed35-177a9a6dd0b7	DB ERR: database is locked
2026-07-31T09:42:47.473433	156046f4-9e34-f613-e414-8514fd6703cb	DB ERR: database is locked
2026-07-31T09:42:53.469204	155f3d9d-59c4-aeac-e20e-3a460328bf13	DB ERR: UNIQUE constraint failed: OpenSourceTutorial.slug
2026-07-31T09:43:28.354171	155f3d9d-59c4-aeac-e20e-3a460328bf13	DB ERR: UNIQUE constraint failed: OpenSourceTutorial.slug
2026-07-31T09:44:05.786729	156046f4-9e34-f613-e414-8514fd6703cb	DB ERR: UNIQUE constraint failed: OpenSourceTutorial.slug
2026-07-31T09:44:27.916359	16249117-5b5d-bb5b-682e-e07f294a47d0	DB ERR: database is locked
2026-07-31T09:44:34.866353	163ba300-3f10-8f9f-2213-e05d1e9439f7	content 为空或太短 (len=0)
2026-07-31T09:44:41.789948	16e4f6e5-4c3b-2e99-c7df-80d43a77786b	content 为空或太短 (len=0)
2026-07-31T09:44:48.750305	177f8980-4d1c-c0f7-74f5-243fa7ed8821	content 为空或太短 (len=0)
2026-07-31T09:44:55.648474	17b7683e-2cb3-2252-0e42-4fbd2f689c7f	content 为空或太短 (len=0)
2026-07-31T09:44:57.222552	163ba300-3f10-8f9f-2213-e05d1e9439f7	content 为空或太短 (len=0)
2026-07-31T09:45:02.529660	17ec7830-6c6c-8b73-7831-723d015aa418	content 为空或太短 (len=0)
2026-07-31T09:45:04.130403	16e4f6e5-4c3b-2e99-c7df-80d43a77786b	content 为空或太短 (len=0)
2026-07-31T09:45:09.403496	181e0353-f51d-d1fc-9e5d-b8b0aab380fc	content 为空或太短 (len=0)
2026-07-31T09:45:11.029359	177f8980-4d1c-c0f7-74f5-243fa7ed8821	content 为空或太短 (len=0)
2026-07-31T09:45:16.346368	18533d24-dc7e-2dd5-b868-5574a9ff9b15	content 为空或太短 (len=0)
2026-07-31T09:45:17.885965	17b7683e-2cb3-2252-0e42-4fbd2f689c7f	content 为空或太短 (len=0)
2026-07-31T09:45:23.189652	1879c5b0-16a5-b426-1c01-c8f32ea526e3	content 为空或太短 (len=0)
2026-07-31T09:45:24.722892	17ec7830-6c6c-8b73-7831-723d015aa418	content 为空或太短 (len=0)
2026-07-31T09:45:30.100810	188349ac-f702-8333-8ef6-1afcba448c03	content 为空或太短 (len=0)
2026-07-31T09:45:31.575317	181e0353-f51d-d1fc-9e5d-b8b0aab380fc	content 为空或太短 (len=0)
2026-07-31T09:45:36.991079	189bdd46-6e99-57b0-2392-dad4f213e8bb	content 为空或太短 (len=0)
2026-07-31T09:45:38.415679	18533d24-dc7e-2dd5-b868-5574a9ff9b15	content 为空或太短 (len=0)
2026-07-31T09:45:43.917674	18ad5ac2-d77b-f296-6930-1471a8ec7272	content 为空或太短 (len=0)
2026-07-31T09:45:45.242390	1879c5b0-16a5-b426-1c01-c8f32ea526e3	content 为空或太短 (len=0)
2026-07-31T09:45:50.781038	18b4d7c5-a3da-ceda-e330-157b96719b49	content 为空或太短 (len=0)
2026-07-31T09:45:52.102828	188349ac-f702-8333-8ef6-1afcba448c03	content 为空或太短 (len=0)
2026-07-31T09:45:57.704795	18d19ecb-23d0-547a-138f-c0d3f1f0742a	content 为空或太短 (len=0)
2026-07-31T09:45:59.027217	189bdd46-6e99-57b0-2392-dad4f213e8bb	content 为空或太短 (len=0)
2026-07-31T09:46:04.581686	18dc6af2-e06b-175a-fe87-a83f48422cc9	content 为空或太短 (len=0)
2026-07-31T09:46:05.862950	18ad5ac2-d77b-f296-6930-1471a8ec7272	content 为空或太短 (len=0)
2026-07-31T09:46:11.470889	18ed383f-895a-7899-3341-52dd1472c8db	content 为空或太短 (len=0)
2026-07-31T09:46:12.714230	18b4d7c5-a3da-ceda-e330-157b96719b49	content 为空或太短 (len=0)
2026-07-31T09:46:18.436294	19581b6b-a632-5da2-6d99-64abb2c760ba	content 为空或太短 (len=0)
2026-07-31T09:46:19.620716	18d19ecb-23d0-547a-138f-c0d3f1f0742a	content 为空或太短 (len=0)
2026-07-31T09:46:25.268804	19d39d2b-0a3c-82fb-1ef1-c86d1ed83ad0	content 为空或太短 (len=0)
2026-07-31T09:46:26.502724	18dc6af2-e06b-175a-fe87-a83f48422cc9	content 为空或太短 (len=0)
2026-07-31T09:46:32.256990	1a2d0f1a-12d3-2a2e-de73-c054fc9b3b6d	content 为空或太短 (len=0)
2026-07-31T09:46:33.334189	18ed383f-895a-7899-3341-52dd1472c8db	content 为空或太短 (len=0)
2026-07-31T09:46:39.187771	1a36fe9a-cdd3-a412-03fc-5d6f8484875d	content 为空或太短 (len=0)
2026-07-31T09:46:40.162954	19581b6b-a632-5da2-6d99-64abb2c760ba	content 为空或太短 (len=0)
2026-07-31T09:46:46.089611	1a5ea307-bce7-d81f-9bba-6b4e24200a94	content 为空或太短 (len=0)
2026-07-31T09:46:47.136892	19d39d2b-0a3c-82fb-1ef1-c86d1ed83ad0	content 为空或太短 (len=0)
2026-07-31T09:46:53.000807	1a7a27fa-7c96-39ae-b065-e0d848cab776	content 为空或太短 (len=0)
2026-07-31T09:46:53.992145	1a2d0f1a-12d3-2a2e-de73-c054fc9b3b6d	content 为空或太短 (len=0)
2026-07-31T09:46:59.848814	1a915e92-75f8-3344-e85a-fb3ebb6aa772	content 为空或太短 (len=0)
2026-07-31T09:47:00.819168	1a36fe9a-cdd3-a412-03fc-5d6f8484875d	content 为空或太短 (len=0)
2026-07-31T09:47:06.697703	1aaea8bd-f066-e324-6729-9c1964e4c396	content 为空或太短 (len=0)
2026-07-31T09:47:07.727883	1a5ea307-bce7-d81f-9bba-6b4e24200a94	content 为空或太短 (len=0)
2026-07-31T09:47:13.659053	1aeba2b7-df53-dd01-9e8d-a89699fb58aa	content 为空或太短 (len=0)
2026-07-31T09:47:14.642707	1a7a27fa-7c96-39ae-b065-e0d848cab776	content 为空或太短 (len=0)
2026-07-31T09:47:20.572394	1b05f960-e82b-4589-1baa-59c2e99c21bb	content 为空或太短 (len=0)
2026-07-31T09:47:21.490933	1a915e92-75f8-3344-e85a-fb3ebb6aa772	content 为空或太短 (len=0)
2026-07-31T09:47:27.490214	1b08be1f-7581-f2bc-1383-4afed08a8899	content 为空或太短 (len=0)
2026-07-31T09:47:28.330551	1aaea8bd-f066-e324-6729-9c1964e4c396	content 为空或太短 (len=0)
2026-07-31T09:47:34.411244	1b32ed8f-9b90-f647-09e2-87872da84e85	content 为空或太短 (len=0)
2026-07-31T09:47:35.280579	1aeba2b7-df53-dd01-9e8d-a89699fb58aa	content 为空或太短 (len=0)
2026-07-31T09:47:41.300022	1bf7cd8d-7f2e-8ac2-0f32-7006ae0d4cc7	content 为空或太短 (len=0)
2026-07-31T09:47:42.113207	1b05f960-e82b-4589-1baa-59c2e99c21bb	content 为空或太短 (len=0)
2026-07-31T09:47:48.249833	1c3aeffc-7f63-88ea-7e3c-7ec0ab314ef7	content 为空或太短 (len=0)
2026-07-31T09:47:49.013130	1b08be1f-7581-f2bc-1383-4afed08a8899	content 为空或太短 (len=0)
2026-07-31T09:47:55.183233	1c496fc3-c844-8f94-e03f-a458f5485827	content 为空或太短 (len=0)
2026-07-31T09:47:55.870876	1b32ed8f-9b90-f647-09e2-87872da84e85	content 为空或太短 (len=0)
2026-07-31T09:48:02.125949	1c5657a1-d37a-e8f6-a21f-c72c0e9e365b	content 为空或太短 (len=0)
2026-07-31T09:48:02.788223	1bf7cd8d-7f2e-8ac2-0f32-7006ae0d4cc7	content 为空或太短 (len=0)
2026-07-31T09:48:09.008938	1c7d2977-7135-250d-9e35-33794dbe8c16	content 为空或太短 (len=0)
2026-07-31T09:48:09.713816	1c3aeffc-7f63-88ea-7e3c-7ec0ab314ef7	content 为空或太短 (len=0)
2026-07-31T09:48:15.937055	1c85e6d4-67b2-2e8d-9b7a-c623b5b02914	content 为空或太短 (len=0)
2026-07-31T09:48:16.659293	1c496fc3-c844-8f94-e03f-a458f5485827	content 为空或太短 (len=0)
2026-07-31T09:48:22.884309	1c946c58-4611-4c06-edd1-d09acd09431b	content 为空或太短 (len=0)
2026-07-31T09:48:23.530224	1c5657a1-d37a-e8f6-a21f-c72c0e9e365b	content 为空或太短 (len=0)
2026-07-31T09:48:29.753791	1ca0dfb2-94f0-e101-aa4c-e96b4ffc9b28	content 为空或太短 (len=0)
2026-07-31T09:48:30.359306	1c7d2977-7135-250d-9e35-33794dbe8c16	content 为空或太短 (len=0)
2026-07-31T09:48:36.615289	1ce00288-172f-c81a-4d7c-d61aa1fc70d9	content 为空或太短 (len=0)
2026-07-31T09:48:37.176279	1c85e6d4-67b2-2e8d-9b7a-c623b5b02914	content 为空或太短 (len=0)
2026-07-31T09:48:43.485530	1d1a4af3-6fc3-a310-b56f-71e3c13ea148	content 为空或太短 (len=0)
2026-07-31T09:48:44.128211	1c946c58-4611-4c06-edd1-d09acd09431b	content 为空或太短 (len=0)
2026-07-31T09:48:50.381573	1d60e579-03cc-598a-c742-0c27702b066f	content 为空或太短 (len=0)
2026-07-31T09:48:51.026764	1ca0dfb2-94f0-e101-aa4c-e96b4ffc9b28	content 为空或太短 (len=0)
2026-07-31T09:48:57.333363	1d65047b-9a62-6d72-e538-6c24e17b856f	content 为空或太短 (len=0)
2026-07-31T09:48:57.865189	1ce00288-172f-c81a-4d7c-d61aa1fc70d9	content 为空或太短 (len=0)
2026-07-31T09:49:04.323656	1d9c3ffa-a87d-b2bc-8be5-8f27f17d6e01	content 为空或太短 (len=0)
2026-07-31T09:49:04.708703	1d1a4af3-6fc3-a310-b56f-71e3c13ea148	content 为空或太短 (len=0)
2026-07-31T09:49:11.340458	1daf817e-5c88-c636-54af-a6933d675ec7	content 为空或太短 (len=0)
2026-07-31T09:49:11.647891	1d60e579-03cc-598a-c742-0c27702b066f	content 为空或太短 (len=0)
2026-07-31T09:49:18.254260	1df7518c-f55f-0030-510f-09630fdcf34b	content 为空或太短 (len=0)
2026-07-31T09:49:18.580101	1d65047b-9a62-6d72-e538-6c24e17b856f	content 为空或太短 (len=0)
2026-07-31T09:49:25.180029	1dfe7da4-07cd-4655-85c6-122d4e97cb70	content 为空或太短 (len=0)
2026-07-31T09:49:25.438098	1d9c3ffa-a87d-b2bc-8be5-8f27f17d6e01	content 为空或太短 (len=0)
2026-07-31T09:49:32.089094	1e161b87-9bad-830d-f010-cd352b523432	content 为空或太短 (len=0)
2026-07-31T09:49:32.346243	1daf817e-5c88-c636-54af-a6933d675ec7	content 为空或太短 (len=0)
2026-07-31T09:49:38.935563	1e804351-f2ab-a49c-c05f-37beaa4cf600	content 为空或太短 (len=0)
2026-07-31T09:49:39.197184	1df7518c-f55f-0030-510f-09630fdcf34b	content 为空或太短 (len=0)
2026-07-31T09:49:45.864377	1e9af7fd-c4e9-f9f5-ba5d-75f47e5940ff	content 为空或太短 (len=0)
2026-07-31T09:49:46.000780	1dfe7da4-07cd-4655-85c6-122d4e97cb70	content 为空或太短 (len=0)
2026-07-31T09:49:52.764953	1ea7e68f-32f3-651c-98a6-412805cfc449	content 为空或太短 (len=0)
2026-07-31T09:49:52.875818	1e161b87-9bad-830d-f010-cd352b523432	content 为空或太短 (len=0)
2026-07-31T09:49:59.711433	1ee02950-0a7e-1222-8895-6aa9093d796e	content 为空或太短 (len=0)
2026-07-31T09:49:59.763043	1e804351-f2ab-a49c-c05f-37beaa4cf600	content 为空或太短 (len=0)
2026-07-31T09:50:06.612069	1ee7b4c3-e9f4-6238-ec00-a57261935601	content 为空或太短 (len=0)
2026-07-31T09:50:06.683255	1e9af7fd-c4e9-f9f5-ba5d-75f47e5940ff	content 为空或太短 (len=0)
2026-07-31T09:50:13.517937	1ea7e68f-32f3-651c-98a6-412805cfc449	content 为空或太短 (len=0)
2026-07-31T09:50:13.569893	1f056af9-4a80-5c38-043a-b7e99a7059da	content 为空或太短 (len=0)
2026-07-31T09:50:20.463821	1ee02950-0a7e-1222-8895-6aa9093d796e	content 为空或太短 (len=0)
2026-07-31T09:50:20.527161	1f371c56-4577-8c88-a904-5285dcdb2cae	content 为空或太短 (len=0)
2026-07-31T09:50:27.416439	1ee7b4c3-e9f4-6238-ec00-a57261935601	content 为空或太短 (len=0)
2026-07-31T09:50:27.421177	1f74ef1c-9b22-bb40-893c-008faafae3a8	content 为空或太短 (len=0)
2026-07-31T09:50:34.239764	1f056af9-4a80-5c38-043a-b7e99a7059da	content 为空或太短 (len=0)
2026-07-31T09:50:34.317664	1f9af0a2-acaf-5ade-b085-8dbe71d761b7	content 为空或太短 (len=0)
2026-07-31T09:50:41.105836	1f371c56-4577-8c88-a904-5285dcdb2cae	content 为空或太短 (len=0)
2026-07-31T09:50:41.203233	1fc52152-1159-98e1-9024-179fb232d10a	content 为空或太短 (len=0)
2026-07-31T09:50:48.006341	1f74ef1c-9b22-bb40-893c-008faafae3a8	content 为空或太短 (len=0)
2026-07-31T09:50:48.036734	1fcdf8cd-6cb2-1eda-9f48-6ccd9c658a92	content 为空或太短 (len=0)
2026-07-31T09:50:54.889924	1fdb7f4b-5624-ca54-432e-3ef8dbaa28c3	content 为空或太短 (len=0)
2026-07-31T09:50:54.893946	1f9af0a2-acaf-5ade-b085-8dbe71d761b7	content 为空或太短 (len=0)
2026-07-31T09:51:01.785138	20045918-6a76-2b6b-14f5-0299a9af9c29	content 为空或太短 (len=0)
2026-07-31T09:51:01.810090	1fc52152-1159-98e1-9024-179fb232d10a	content 为空或太短 (len=0)
2026-07-31T09:51:08.623548	2074ee7c-0ef7-f74b-d30d-1de489cd7f5a	content 为空或太短 (len=0)
2026-07-31T09:51:08.627777	1fcdf8cd-6cb2-1eda-9f48-6ccd9c658a92	content 为空或太短 (len=0)
2026-07-31T09:51:15.454209	1fdb7f4b-5624-ca54-432e-3ef8dbaa28c3	content 为空或太短 (len=0)
2026-07-31T09:51:15.557867	20c54321-3c47-0ac6-7b09-ad406efdf847	content 为空或太短 (len=0)
2026-07-31T09:51:22.321980	20045918-6a76-2b6b-14f5-0299a9af9c29	content 为空或太短 (len=0)
2026-07-31T09:51:22.486685	21010ed1-7691-4842-bae4-b93273baa998	content 为空或太短 (len=0)
2026-07-31T09:51:29.167374	2074ee7c-0ef7-f74b-d30d-1de489cd7f5a	content 为空或太短 (len=0)
2026-07-31T09:51:29.283050	215513b1-5c6b-6517-fbdd-45b65a2616fb	content 为空或太短 (len=0)
2026-07-31T09:51:36.022273	20c54321-3c47-0ac6-7b09-ad406efdf847	content 为空或太短 (len=0)
2026-07-31T09:51:36.167961	217606c2-f8b7-9f46-532f-5b5b8742e30d	content 为空或太短 (len=0)
2026-07-31T09:51:42.957961	21010ed1-7691-4842-bae4-b93273baa998	content 为空或太短 (len=0)
2026-07-31T09:51:43.076621	21a2c714-2a06-357c-62c5-fe48c01461a2	content 为空或太短 (len=0)
2026-07-31T09:51:49.803827	215513b1-5c6b-6517-fbdd-45b65a2616fb	content 为空或太短 (len=0)
2026-07-31T09:51:50.005913	21b06170-14c1-436b-4426-c0e4fe88c1a8	content 为空或太短 (len=0)
2026-07-31T09:51:56.639611	217606c2-f8b7-9f46-532f-5b5b8742e30d	content 为空或太短 (len=0)
2026-07-31T09:51:56.758968	21e36f12-86c0-f426-30d2-2be8f0186deb	content 为空或太短 (len=0)
2026-07-31T09:52:03.520209	21a2c714-2a06-357c-62c5-fe48c01461a2	content 为空或太短 (len=0)
2026-07-31T09:52:03.614697	221d7566-e1f9-3c7e-bb5c-f4e58264d4e5	content 为空或太短 (len=0)
2026-07-31T09:52:10.415435	21b06170-14c1-436b-4426-c0e4fe88c1a8	content 为空或太短 (len=0)
2026-07-31T09:52:10.535510	223a2f76-a351-992f-6c3c-b9d2a1c6f675	content 为空或太短 (len=0)
2026-07-31T09:52:17.293362	21e36f12-86c0-f426-30d2-2be8f0186deb	content 为空或太短 (len=0)
2026-07-31T09:52:17.382429	224d32a5-ced2-8cb1-995f-b47b16f15d7b	content 为空或太短 (len=0)
2026-07-31T09:52:24.206313	22c34488-2c88-04c8-dbd0-5768ad9aa6b8	content 为空或太短 (len=0)
2026-07-31T09:52:24.248331	221d7566-e1f9-3c7e-bb5c-f4e58264d4e5	content 为空或太短 (len=0)
2026-07-31T09:52:31.093427	223a2f76-a351-992f-6c3c-b9d2a1c6f675	content 为空或太短 (len=0)
2026-07-31T09:52:31.124394	234f2ee8-50e6-26fb-57c9-1c82e7d98a73	content 为空或太短 (len=0)
2026-07-31T09:52:37.879461	224d32a5-ced2-8cb1-995f-b47b16f15d7b	content 为空或太短 (len=0)
2026-07-31T09:52:38.026566	2382d933-f430-b557-92df-17bfa1044028	content 为空或太短 (len=0)
2026-07-31T09:52:44.722659	22c34488-2c88-04c8-dbd0-5768ad9aa6b8	content 为空或太短 (len=0)
2026-07-31T09:52:44.902711	23a2f06f-49a0-b317-f669-be13d381bfbc	content 为空或太短 (len=0)
2026-07-31T09:52:51.608507	234f2ee8-50e6-26fb-57c9-1c82e7d98a73	content 为空或太短 (len=0)
2026-07-31T09:52:51.736230	23c6f2e6-db22-9f38-689a-e572f591b3b2	content 为空或太短 (len=0)
2026-07-31T09:52:58.372220	2382d933-f430-b557-92df-17bfa1044028	content 为空或太短 (len=0)
2026-07-31T09:52:58.624480	23d4ea08-0f14-81ff-7144-835bee240586	content 为空或太短 (len=0)
2026-07-31T09:53:05.213141	23a2f06f-49a0-b317-f669-be13d381bfbc	content 为空或太短 (len=0)
2026-07-31T09:53:05.418541	23eb118f-ea9c-68a4-9778-b6f483872b91	content 为空或太短 (len=0)
2026-07-31T09:53:12.109753	23c6f2e6-db22-9f38-689a-e572f591b3b2	content 为空或太短 (len=0)
2026-07-31T09:53:12.267732	24293e15-196c-ea88-2f2d-e5f5464425f1	content 为空或太短 (len=0)
2026-07-31T09:53:18.959396	23d4ea08-0f14-81ff-7144-835bee240586	content 为空或太短 (len=0)
2026-07-31T09:53:19.174374	2464eb79-85db-d868-503b-5f34f8217617	content 为空或太短 (len=0)
2026-07-31T09:53:25.765887	23eb118f-ea9c-68a4-9778-b6f483872b91	content 为空或太短 (len=0)
2026-07-31T09:53:26.138577	24747393-e3a7-60e8-a8d5-77786f769335	content 为空或太短 (len=0)
2026-07-31T09:53:32.643741	24293e15-196c-ea88-2f2d-e5f5464425f1	content 为空或太短 (len=0)
2026-07-31T09:53:32.973992	247ba378-0f55-59fa-5742-0727f4d47c31	content 为空或太短 (len=0)
2026-07-31T09:53:39.548828	2464eb79-85db-d868-503b-5f34f8217617	content 为空或太短 (len=0)
2026-07-31T09:53:39.890549	248f49c6-019d-524e-74a3-d95d479a0286	content 为空或太短 (len=0)
2026-07-31T09:53:46.432292	24747393-e3a7-60e8-a8d5-77786f769335	content 为空或太短 (len=0)
2026-07-31T09:53:46.735574	24bb2d87-aad3-574c-ac9e-63c7369f4d27	content 为空或太短 (len=0)
2026-07-31T09:53:53.233764	247ba378-0f55-59fa-5742-0727f4d47c31	content 为空或太短 (len=0)
2026-07-31T09:53:53.513177	24d143f7-8777-f711-325f-5f5b4bdb7754	content 为空或太短 (len=0)
2026-07-31T09:54:00.141267	248f49c6-019d-524e-74a3-d95d479a0286	content 为空或太短 (len=0)
2026-07-31T09:54:00.316908	24ffd6b5-9799-288f-cf8d-7757eb2320e4	content 为空或太短 (len=0)
2026-07-31T09:54:06.932151	24bb2d87-aad3-574c-ac9e-63c7369f4d27	content 为空或太短 (len=0)
2026-07-31T09:54:07.157783	2536fc55-c6d0-e549-0aae-834520aeff61	content 为空或太短 (len=0)
2026-07-31T09:54:13.791987	24d143f7-8777-f711-325f-5f5b4bdb7754	content 为空或太短 (len=0)
2026-07-31T09:54:13.977134	253a3386-26af-a08c-01a1-afaa6e3e062b	content 为空或太短 (len=0)
2026-07-31T09:54:20.621520	24ffd6b5-9799-288f-cf8d-7757eb2320e4	content 为空或太短 (len=0)
2026-07-31T09:54:20.939125	25ce25eb-8405-ec77-6e35-00e0c54495f6	content 为空或太短 (len=0)
2026-07-31T09:54:27.417798	2536fc55-c6d0-e549-0aae-834520aeff61	content 为空或太短 (len=0)
2026-07-31T09:54:27.851984	262fbd7a-13c4-c012-68fe-93ee00156d7e	content 为空或太短 (len=0)
2026-07-31T09:54:34.273374	253a3386-26af-a08c-01a1-afaa6e3e062b	content 为空或太短 (len=0)
2026-07-31T09:54:34.771858	26712b53-5f5b-16db-7d7d-50a7f28a142f	content 为空或太短 (len=0)
2026-07-31T09:54:41.156149	25ce25eb-8405-ec77-6e35-00e0c54495f6	content 为空或太短 (len=0)
2026-07-31T09:54:41.544045	26b31158-65a0-888f-5ee8-a15fcdd97f6e	content 为空或太短 (len=0)
2026-07-31T09:54:48.000393	262fbd7a-13c4-c012-68fe-93ee00156d7e	content 为空或太短 (len=0)
2026-07-31T09:54:48.419424	26f876f0-6054-1380-14c9-527a58a3fae2	content 为空或太短 (len=0)
2026-07-31T09:54:54.898245	26712b53-5f5b-16db-7d7d-50a7f28a142f	content 为空或太短 (len=0)
2026-07-31T09:54:55.267485	26fde6df-f209-b890-8d14-f905dd175200	content 为空或太短 (len=0)
2026-07-31T09:55:01.789661	26b31158-65a0-888f-5ee8-a15fcdd97f6e	content 为空或太短 (len=0)
2026-07-31T09:55:02.285685	2717afb0-f8e2-a492-5800-e8aab657153f	content 为空或太短 (len=0)
2026-07-31T09:55:09.102917	26f876f0-6054-1380-14c9-527a58a3fae2	content 为空或太短 (len=0)
2026-07-31T09:55:09.165304	27351b17-fd7d-7ec8-af0a-ce368bb9d839	content 为空或太短 (len=0)
2026-07-31T09:55:15.931104	26fde6df-f209-b890-8d14-f905dd175200	content 为空或太短 (len=0)
2026-07-31T09:55:16.097262	2780ed53-bd1d-6c33-9f7d-b21d96040bfb	content 为空或太短 (len=0)
2026-07-31T09:55:22.838854	2717afb0-f8e2-a492-5800-e8aab657153f	content 为空或太短 (len=0)
2026-07-31T09:55:23.016371	278215c2-96a9-84a8-202e-23af1973586c	content 为空或太短 (len=0)
2026-07-31T09:55:29.612849	27351b17-fd7d-7ec8-af0a-ce368bb9d839	content 为空或太短 (len=0)
2026-07-31T09:55:29.915380	27c24356-8e6b-5a1d-820a-c8bdab1965aa	content 为空或太短 (len=0)
2026-07-31T09:55:36.443422	2780ed53-bd1d-6c33-9f7d-b21d96040bfb	content 为空或太短 (len=0)
2026-07-31T09:55:36.836842	27cd4857-c71e-882b-db11-8bfa1d42d219	content 为空或太短 (len=0)
2026-07-31T09:55:43.294935	278215c2-96a9-84a8-202e-23af1973586c	content 为空或太短 (len=0)
2026-07-31T09:55:43.772759	27e5e870-a4dd-6f12-3e01-d404c62c08bf	content 为空或太短 (len=0)
2026-07-31T09:55:50.247799	27c24356-8e6b-5a1d-820a-c8bdab1965aa	content 为空或太短 (len=0)
2026-07-31T09:55:50.701839	282853c7-6ed4-6fdd-5f46-6e8e84032582	content 为空或太短 (len=0)
2026-07-31T09:55:57.094890	27cd4857-c71e-882b-db11-8bfa1d42d219	content 为空或太短 (len=0)
2026-07-31T09:55:57.609870	2856dddb-3ad7-3378-11c7-2a15aafea4a0	content 为空或太短 (len=0)
2026-07-31T09:56:03.891440	27e5e870-a4dd-6f12-3e01-d404c62c08bf	content 为空或太短 (len=0)
2026-07-31T09:56:04.584068	287124c2-575c-c2f3-8fc5-4549ecf43ec8	content 为空或太短 (len=0)
2026-07-31T09:56:10.772157	282853c7-6ed4-6fdd-5f46-6e8e84032582	content 为空或太短 (len=0)
2026-07-31T09:56:11.415914	289e3e15-d7f8-fce8-2f57-351230c188d5	content 为空或太短 (len=0)
2026-07-31T09:56:17.649473	2856dddb-3ad7-3378-11c7-2a15aafea4a0	content 为空或太短 (len=0)
2026-07-31T09:56:18.365166	28b46bfb-ae3b-f5af-9d8e-6de1614f76e6	content 为空或太短 (len=0)
2026-07-31T09:56:24.548120	287124c2-575c-c2f3-8fc5-4549ecf43ec8	content 为空或太短 (len=0)
2026-07-31T09:56:25.197213	28bd83ef-e80e-6bb7-577e-48545b31b793	content 为空或太短 (len=0)
2026-07-31T09:56:31.492225	289e3e15-d7f8-fce8-2f57-351230c188d5	content 为空或太短 (len=0)
2026-07-31T09:56:32.028709	28c2577f-ff2a-a8ff-5994-7ff9c0e65b42	content 为空或太短 (len=0)
2026-07-31T09:56:38.376530	28b46bfb-ae3b-f5af-9d8e-6de1614f76e6	content 为空或太短 (len=0)
2026-07-31T09:56:38.875960	29319b4a-e3a5-39e2-b968-8ca8c307ff0f	content 为空或太短 (len=0)
2026-07-31T09:56:45.284619	28bd83ef-e80e-6bb7-577e-48545b31b793	content 为空或太短 (len=0)
2026-07-31T09:56:45.772179	29ed1794-a7fc-6c5a-1c6d-5f6ad3e6c604	content 为空或太短 (len=0)
2026-07-31T09:56:52.111640	28c2577f-ff2a-a8ff-5994-7ff9c0e65b42	content 为空或太短 (len=0)
2026-07-31T09:56:52.633774	2a37b7d9-e7ab-fddd-e63c-b7bdd3849513	content 为空或太短 (len=0)
2026-07-31T09:56:59.038630	29319b4a-e3a5-39e2-b968-8ca8c307ff0f	content 为空或太短 (len=0)
2026-07-31T09:56:59.500856	2a93ec04-d865-c6a4-5e71-6c84ac4f5743	content 为空或太短 (len=0)
2026-07-31T09:57:05.963945	29ed1794-a7fc-6c5a-1c6d-5f6ad3e6c604	content 为空或太短 (len=0)
2026-07-31T09:57:06.342974	2abec5ba-3281-9785-b7c6-e0c6ec9259b2	content 为空或太短 (len=0)
2026-07-31T09:57:12.818354	2a37b7d9-e7ab-fddd-e63c-b7bdd3849513	content 为空或太短 (len=0)
2026-07-31T09:57:13.305799	2ad40235-573d-3f79-8fb9-0389f7f603bb	content 为空或太短 (len=0)
2026-07-31T09:57:19.666619	2a93ec04-d865-c6a4-5e71-6c84ac4f5743	content 为空或太短 (len=0)
2026-07-31T09:57:20.145987	2b54cd80-2dc4-6f62-93fc-9b123163dd78	content 为空或太短 (len=0)
2026-07-31T09:57:26.598359	2abec5ba-3281-9785-b7c6-e0c6ec9259b2	content 为空或太短 (len=0)
2026-07-31T09:57:27.085117	2b7f273f-6cd7-13c3-bc65-ebabb2ba444d	content 为空或太短 (len=0)
2026-07-31T09:57:33.629139	2ad40235-573d-3f79-8fb9-0389f7f603bb	content 为空或太短 (len=0)
2026-07-31T09:57:33.982098	2ba5ca3e-ffcd-d817-5881-ef19a05616f1	content 为空或太短 (len=0)
2026-07-31T09:57:40.430885	2b54cd80-2dc4-6f62-93fc-9b123163dd78	content 为空或太短 (len=0)
2026-07-31T09:57:40.931371	2baef16d-0c3b-5f3c-e9f9-dee71cdedfca	content 为空或太短 (len=0)
2026-07-31T09:57:47.226948	2b7f273f-6cd7-13c3-bc65-ebabb2ba444d	content 为空或太短 (len=0)
2026-07-31T09:57:47.790099	2c0b7f0b-ce50-75fe-8cfe-6469571e8c3c	content 为空或太短 (len=0)
2026-07-31T09:57:54.091933	2ba5ca3e-ffcd-d817-5881-ef19a05616f1	content 为空或太短 (len=0)
2026-07-31T09:57:54.634821	2cb7092d-3de8-b44c-76fd-6cfb1c5df769	content 为空或太短 (len=0)
2026-07-31T09:58:01.026146	2baef16d-0c3b-5f3c-e9f9-dee71cdedfca	content 为空或太短 (len=0)
2026-07-31T09:58:01.551497	2ce06428-c991-79c9-295c-f99ab974d7c9	content 为空或太短 (len=0)
2026-07-31T09:58:07.906414	2c0b7f0b-ce50-75fe-8cfe-6469571e8c3c	content 为空或太短 (len=0)
2026-07-31T09:58:08.385721	2cf14ff9-8878-bac0-38c3-dbfaf1fd5000	content 为空或太短 (len=0)
2026-07-31T09:58:14.800898	2cb7092d-3de8-b44c-76fd-6cfb1c5df769	content 为空或太短 (len=0)
2026-07-31T09:58:15.416813	2cff0476-e6b3-a440-316e-95249329076c	content 为空或太短 (len=0)
2026-07-31T09:58:21.664649	2ce06428-c991-79c9-295c-f99ab974d7c9	content 为空或太短 (len=0)
2026-07-31T09:58:22.310568	2d2fd713-4641-c410-502c-e02a99eae77f	content 为空或太短 (len=0)
2026-07-31T09:58:28.521281	2cf14ff9-8878-bac0-38c3-dbfaf1fd5000	content 为空或太短 (len=0)
2026-07-31T09:58:29.227973	2d4515b1-28b1-373b-43d0-71155b21ff2e	content 为空或太短 (len=0)
2026-07-31T09:58:35.466707	2cff0476-e6b3-a440-316e-95249329076c	content 为空或太短 (len=0)
2026-07-31T09:58:36.156138	2db2950b-e3e9-60d0-47a8-77c641be9e5f	content 为空或太短 (len=0)
2026-07-31T09:58:42.390916	2d2fd713-4641-c410-502c-e02a99eae77f	content 为空或太短 (len=0)
2026-07-31T09:58:43.024954	2db709a3-5460-21dc-d3d3-40142afe3c73	content 为空或太短 (len=0)
2026-07-31T09:58:49.276856	2d4515b1-28b1-373b-43d0-71155b21ff2e	content 为空或太短 (len=0)
2026-07-31T09:58:49.914804	2de162c7-12a4-d1ce-1f28-04eaeb118ee4	content 为空或太短 (len=0)
2026-07-31T09:58:56.193273	2db2950b-e3e9-60d0-47a8-77c641be9e5f	content 为空或太短 (len=0)
2026-07-31T09:58:56.909163	2de3698f-eeb1-0af4-5f17-cbe0ad2708ca	content 为空或太短 (len=0)
2026-07-31T09:59:03.048731	2db709a3-5460-21dc-d3d3-40142afe3c73	content 为空或太短 (len=0)
2026-07-31T09:59:03.734385	2e399039-8acb-c6f8-77b9-b706a1814e1a	content 为空或太短 (len=0)
2026-07-31T09:59:09.868431	2de162c7-12a4-d1ce-1f28-04eaeb118ee4	content 为空或太短 (len=0)
2026-07-31T09:59:10.568436	2e41c005-b902-a394-1e73-39723bd4b539	content 为空或太短 (len=0)
2026-07-31T09:59:16.713892	2de3698f-eeb1-0af4-5f17-cbe0ad2708ca	content 为空或太短 (len=0)
2026-07-31T09:59:17.407163	2e4905d0-4c00-0e47-d016-27a0ad97d099	content 为空或太短 (len=0)
2026-07-31T09:59:23.668137	2e399039-8acb-c6f8-77b9-b706a1814e1a	content 为空或太短 (len=0)
2026-07-31T09:59:24.338990	2e5a398c-3180-72ed-4100-d56c89753dbd	content 为空或太短 (len=0)
2026-07-31T09:59:30.532163	2e41c005-b902-a394-1e73-39723bd4b539	content 为空或太短 (len=0)
2026-07-31T09:59:31.293285	2e822730-6611-ee81-2f93-8ae70fe39af4	content 为空或太短 (len=0)
2026-07-31T09:59:37.403587	2e4905d0-4c00-0e47-d016-27a0ad97d099	content 为空或太短 (len=0)
2026-07-31T09:59:38.271243	2e92d1a9-9454-f3fc-54b1-8dd9a15fe17b	content 为空或太短 (len=0)
2026-07-31T09:59:44.299451	2e5a398c-3180-72ed-4100-d56c89753dbd	content 为空或太短 (len=0)
2026-07-31T09:59:45.218501	2ebbd52c-7376-0c18-e28a-4df1239558c7	content 为空或太短 (len=0)
2026-07-31T09:59:51.175828	2e822730-6611-ee81-2f93-8ae70fe39af4	content 为空或太短 (len=0)
2026-07-31T09:59:52.044154	2ec623f5-2972-e44b-2959-120e3ebc1973	content 为空或太短 (len=0)
2026-07-31T09:59:58.092313	2e92d1a9-9454-f3fc-54b1-8dd9a15fe17b	content 为空或太短 (len=0)
2026-07-31T09:59:59.041559	2ec72f14-ba3d-f1d7-6df9-9016991c7472	content 为空或太短 (len=0)
2026-07-31T10:01:19.671917	2f16dc0d-c45e-349a-880b-f9eef6012f63	DB ERR: UNIQUE constraint failed: OpenSourceTutorial.slug
2026-07-31T10:01:46.314982	2f6dd3d8-ab0f-a5cb-8e7b-991c81cf7e94	DB ERR: database is locked
2026-07-31T10:02:07.665755	2f1f7145-ef51-32b4-65a5-17d919006514	DB ERR: UNIQUE constraint failed: OpenSourceTutorial.slug
2026-07-31T10:02:11.144050	2f76e2ec-262b-b711-85a6-3921760c5a3e	DB ERR: database is locked
2026-07-31T10:02:48.106966	2f849312-2e93-5142-3948-be64fe9484cd	DB ERR: database is locked
2026-07-31T10:14:20.071180	188349ac-f702-8333-8ef6-1afcba448c03	content 为空或太短 (len=0)
2026-07-31T10:23:08.288096	18d19ecb-23d0-547a-138f-c0d3f1f0742a	content 为空或太短 (len=92)
2026-07-31T10:27:48.629941	18d19ecb-23d0-547a-138f-c0d3f1f0742a	content 为空或太短 (len=0)
2026-07-31T10:42:18.339508	1c85e6d4-67b2-2e8d-9b7a-c623b5b02914	content 为空或太短 (len=0)
2026-07-31T10:44:23.164446	1d65047b-9a62-6d72-e538-6c24e17b856f	content 为空或太短 (len=0)
2026-07-31T10:45:30.008375	1daf817e-5c88-c636-54af-a6933d675ec7	content 为空或太短 (len=0)
