2026-07-30T22:14:25.509197	OK tut-0008961a | github :: 9nix6_Indicators_Med | elapsed=19s
2026-07-30T22:14:43.312636	OK tut-000a5f87 | github :: dennislwm_include_pl | elapsed=37s
2026-07-30T22:14:59.583245	OK tut-000dc12b | github :: dingmaotu_Scripts_Ze | elapsed=54s
2026-07-30T22:15:21.180680	OK tut-00127bcc | github :: geraked_Include_Shel | elapsed=75s
2026-07-30T22:16:06.114989	OK tut-0062aadd | github :: 9nix6_Indicators_Med | elapsed=120s
2026-07-30T22:58:57.090514	OK tut-00d0684b | github :: sibvic_snippets_Stre | elapsed=20s
2026-07-30T22:59:34.418210	OK tut-00d4d81f | github :: rosasurfer_mql40_scr | elapsed=57s
2026-07-30T23:00:14.002448	OK tut-00e4ba0c | github :: sibvic_snippets_Cond | elapsed=97s
2026-07-30T23:00:49.834745	OK tut-00f27e87 | github :: 9nix6_Include_smooth | elapsed=133s
2026-07-30T23:01:21.573797	OK tut-0127ff5c | github :: borela_tests_old-tes | elapsed=164s
2026-07-30T23:01:51.530880	OK tut-012b85aa | github :: rosasurfer_mql40_inc | elapsed=194s
2026-07-30T23:08:13.531795	OK tut-01356605 | github :: mt4-mql-framework_mq | elapsed=39s
2026-07-30T23:08:40.316872	OK tut-01a2aab6 | github :: mt4-mql-framework_mq | elapsed=66s
2026-07-30T23:08:57.085615	OK tut-01afc161 | github :: sibvic_snippets_Pine | elapsed=83s
2026-07-30T23:09:18.386691	OK tut-01ee4808 | github :: michaelwade_Water_Bu | elapsed=104s
2026-07-30T23:09:58.557264	OK tut-01f09a94 | github :: rosasurfer_mql40_inc | elapsed=144s
2026-07-30T23:10:36.583203	OK tut-01f46a93 | github :: MALE5_Stats Models_A | elapsed=182s
2026-07-30T23:11:05.948779	OK tut-02a093af | github :: trading_My EAs_Break | elapsed=211s
2026-07-30T23:11:44.880795	OK tut-02d061f8 | github :: geraked_Include_Sql | elapsed=250s
2026-07-30T23:12:18.025799	OK tut-02d2d862 | github :: peterthomet_Include_ | elapsed=283s
2026-07-30T23:12:47.574878	OK tut-02ef6eac | github :: 9nix6_Indicators_Med | elapsed=313s
2026-07-30T23:13:22.016649	OK tut-02f560db | github :: nkanven_MQL5_Include | elapsed=347s
2026-07-30T23:13:41.262976	OK tut-038423ec | github :: sibvic_snippets_Mone | elapsed=367s
2026-07-30T23:14:03.453623	OK tut-039c6877 | github :: Candlestick-Pattern- | elapsed=389s
2026-07-30T23:14:28.873044	OK tut-03cc1046 | github :: yulz008_GOLD_ORB_Inc | elapsed=414s
2026-07-30T23:15:00.511656	OK tut-042ff125 | github :: peterthomet_Volume_B | elapsed=446s
2026-07-30T23:15:21.422647	OK tut-043cf5fd | github :: MALE5_Examples_Class | elapsed=467s
2026-07-30T23:15:48.576847	OK tut-044a4252 | github :: rosasurfer_mql40_inc | elapsed=494s
2026-07-30T23:16:51.690897	OK tut-04b2caa0 | github :: michaelwade_Water_Co | elapsed=557s
2026-07-30T23:17:13.987973	OK tut-04c147cc | github :: dingmaotu_Collection | elapsed=579s
2026-07-30T23:17:56.810247	OK tut-04cbbe42 | github :: EA31337-classes_Indi | elapsed=622s
2026-07-30T23:18:27.376044	OK tut-0524be17 | github :: nkanven_MQL5_Include | elapsed=653s
2026-07-31T05:18:51.761670	OK tut-05703b3b | github :: EA31337-classes_Indi | elapsed=31s
2026-07-31T05:19:40.315330	OK tut-05b6987c | github :: EA-MQL4_Experts_Pinb | elapsed=80s
2026-07-31T05:19:58.661221	OK tut-05c7b4d2 | github :: dingmaotu_History_Pr | elapsed=98s
2026-07-31T05:20:14.815397	OK tut-05d78405 | github :: sibvic_snippets_Cond | elapsed=114s
2026-07-31T05:20:50.516595	OK tut-05e44224 | github :: sibvic_snippets_Stre | elapsed=150s
2026-07-31T05:21:06.577728	OK tut-05e9e9d9 | github :: borela_tests_old-tes | elapsed=166s
2026-07-31T05:21:35.376690	OK tut-05ebef02 | github :: sibvic_snippets_Stre | elapsed=195s
2026-07-31T05:21:59.198798	OK tut-0673533e | github :: 9nix6_Indicators_Med | elapsed=219s
2026-07-31T05:22:19.359932	OK tut-069bfeac | github :: dennislwm_experts_Tr | elapsed=239s
2026-07-31T05:22:36.472777	OK tut-06aa3f0c | github :: MALE5_Sklearn_Cluste | elapsed=256s
2026-07-31T05:22:50.036182	OK tut-06ce231f | github :: EA31337-classes_Dict | elapsed=270s
2026-07-31T05:23:07.813635	OK tut-0760e3b9 | github :: borela_tests_old-tes | elapsed=287s
2026-07-31T05:23:20.168526	OK tut-0771dde0 | github :: rosasurfer_mql40_inc | elapsed=300s
2026-07-31T05:23:39.656609	OK tut-07a1c4fa | github :: sibvic_snippets_Stre | elapsed=319s
2026-07-31T05:23:57.235870	OK tut-07a7016a | github :: dingmaotu_Scripts_Ze | elapsed=337s
2026-07-31T05:24:07.529979	OK tut-07a79cb5 | github :: dingmaotu_Format_Res | elapsed=347s
2026-07-31T05:24:18.683055	OK tut-083c8a03 | github :: trading_Bacc EAs_Bac | elapsed=358s
2026-07-31T05:24:35.778581	OK tut-08546ee2 | github :: EA31337_Indicators_t | elapsed=375s
2026-07-31T05:24:52.357626	OK tut-085ca209 | github :: EA-MQL4_Indicators_T | elapsed=392s
2026-07-31T05:25:17.905700	OK tut-08afb890 | github :: yulz008_GOLD_ORB_Inc | elapsed=418s
2026-07-31T05:25:45.237071	OK tut-08b01721 | github :: sibvic_snippets_Pine | elapsed=445s
2026-07-31T05:26:08.492950	OK tut-08f73acd | github :: geraked_Experts_2MAC | elapsed=468s
2026-07-31T05:26:30.106485	OK tut-0921771b | github :: 9nix6_Indicators_Med | elapsed=490s
2026-07-31T05:26:44.344159	OK tut-092e732a | github :: nkanven_MQL5_Include | elapsed=504s
2026-07-31T05:26:59.313383	OK tut-093edebd | github :: 9nix6_Include_IncOnR | elapsed=519s
2026-07-31T05:27:19.768430	OK tut-098a2d3c | github :: rosasurfer_mql40_inc | elapsed=539s
2026-07-31T05:27:45.141223	OK tut-09b3f0fa | github :: peterthomet_EA_Snipp | elapsed=565s
2026-07-31T05:28:56.683489	OK tut-09b75e20 | github :: 9nix6_Indicators_Med | elapsed=636s
2026-07-31T05:29:15.821453	OK tut-09c35fc5 | github :: nkanven_MQL5_Experts | elapsed=655s
2026-07-31T05:29:36.726480	OK tut-09d351c1 | github :: EarnForex_MQL4_Exper | elapsed=676s
2026-07-31T05:29:49.721363	OK tut-09fbebb0 | github :: rosasurfer_mql40_scr | elapsed=689s
2026-07-31T05:30:09.426225	OK tut-0a3eefc6 | github :: yulz008_GOLD_ORB_Inc | elapsed=709s
2026-07-31T05:30:23.587757	OK tut-0a53c5db | github :: yulz008_GOLD_ORB_Inc | elapsed=723s
2026-07-31T05:30:36.907950	OK tut-0a5bd1a9 | github :: nkanven_MQL5_Include | elapsed=737s
2026-07-31T05:30:49.861185	OK tut-0a922c28 | github :: sibvic_snippets_Acti | elapsed=750s
2026-07-31T05:31:11.241891	OK tut-0ad33bc1 | github :: nkanven_MQL5_Include | elapsed=771s
2026-07-31T05:31:29.262406	OK tut-0adb003c | github :: EA31337_Indicators_t | elapsed=789s
2026-07-31T05:31:56.435771	OK tut-0b040f68 | github :: nkanven_MQL5_Include | elapsed=816s
2026-07-31T05:32:09.146865	OK tut-0b2e4b31 | github :: dennislwm_experts_Wa | elapsed=829s
2026-07-31T05:32:22.158682	OK tut-0b54e82d | github :: nkanven_MQL5_Include | elapsed=842s
2026-07-31T05:32:39.487549	OK tut-0b68f674 | github :: dingmaotu_Lang_Win32 | elapsed=859s
2026-07-31T05:32:56.399978	OK tut-0b8dd2c0 | github :: sibvic_snippets_Mone | elapsed=876s
2026-07-31T05:33:15.754745	OK tut-0bd37ef0 | github :: EarnForex_MQL5_Inclu | elapsed=895s
2026-07-31T05:33:31.608478	OK tut-0c22ec24 | github :: EA31337-classes_Indi | elapsed=911s
2026-07-31T05:33:49.359501	OK tut-0c38e331 | github :: EA31337-classes_Indi | elapsed=929s
2026-07-31T05:34:02.754322	OK tut-0c62660c | github :: EA31337-classes_Dict | elapsed=942s
2026-07-31T05:34:26.551684	OK tut-0c881492 | github :: rosasurfer_mql40_inc | elapsed=966s
2026-07-31T05:34:43.339268	OK tut-0c8db204 | github :: MALE5_Neural Network | elapsed=983s
2026-07-31T05:35:06.736583	OK tut-0ca13419 | github :: dingmaotu_Format_Res | elapsed=1006s
2026-07-31T05:35:30.383938	OK tut-0caa5a77 | github :: EA31337_Indicators_t | elapsed=1030s
2026-07-31T05:35:45.282805	OK tut-0cdce976 | github :: mt4-mql-framework_mq | elapsed=1045s
2026-07-31T05:36:08.638524	OK tut-0cea9a88 | github :: dingmaotu_Utils_File | elapsed=1068s
2026-07-31T05:36:46.114236	OK tut-0d6dd33d | github :: yulz008_GOLD_ORB_Inc | elapsed=1106s
2026-07-31T05:37:06.915775	OK tut-0db41a05 | github :: sibvic_snippets_Acti | elapsed=1127s
2026-07-31T05:37:56.089663	OK tut-0dfb9fe0 | github :: dingmaotu_Lang_Point | elapsed=1176s
2026-07-31T05:38:29.530923	OK tut-0e0eb860 | github :: trading_My EAs_ATC_B | elapsed=1209s
2026-07-31T05:39:26.478102	OK tut-04a96115 | github :: mt4-mql-framework_mq | elapsed=14s
2026-07-31T05:39:44.533131	OK tut-057409e7 | github :: dingmaotu_Scripts_Ze | elapsed=32s
2026-07-31T05:39:56.054299	OK tut-05e2ca46 | github :: mt4-mql-framework_mq | elapsed=44s
2026-07-31T05:40:22.250795	OK tut-0d36bae0 | github :: mt4-mql-framework_mq | elapsed=70s
2026-07-31T05:40:35.153192	OK tut-0d5f1c73 | github :: mt4-mql-framework_mq | elapsed=83s
2026-07-31T05:41:04.777173	OK tut-0dc73c4a | github :: mt4-mql-framework_mq | elapsed=112s
2026-07-31T09:22:48.602070	OK tut-0e20e41b | github :: 9nix6_Indicators_Med | elapsed=8s
2026-07-31T09:23:04.292553	OK tut-0e3cee61 | github :: 9nix6_Indicators_Med | elapsed=23s
2026-07-31T09:23:44.418874	OK tut-0e4cebc8 | github :: nkanven_MQL5_Include | elapsed=64s
2026-07-31T09:24:01.711275	OK tut-0e8d6639 | github :: mt4-mql-framework_mq | elapsed=81s
2026-07-31T09:24:37.470096	OK tut-0e910adf | github :: sibvic_snippets_Stre | elapsed=117s
2026-07-31T09:25:07.910641	OK tut-0e9307fe | github :: rosasurfer_mql40_inc | elapsed=147s
2026-07-31T09:25:37.701311	OK tut-0ea972b7 | github :: sibvic_snippets_Orde | elapsed=177s
2026-07-31T09:26:19.369566	OK tut-0eb48981 | github :: EA31337_Indicators_t | elapsed=218s
2026-07-31T09:26:40.543430	OK tut-0f1cf97f | github :: dingmaotu_Trade_Util | elapsed=240s
2026-07-31T09:27:04.347285	OK tut-0f1eda3f | github :: dingmaotu_Scripts_Te | elapsed=263s
2026-07-31T09:27:47.861319	OK tut-0f57dc1c | github :: micclly_mt4-unittest | elapsed=307s
2026-07-31T09:28:26.170585	OK tut-0f6d7afe | github :: sibvic_snippets_Grid | elapsed=345s
2026-07-31T09:29:19.466922	OK tut-0f7ad214 | github :: nkanven_MQL5_Include | elapsed=399s
2026-07-31T09:30:04.244441	OK tut-0fc42458 | github :: 9nix6_Indicators_Med | elapsed=443s
2026-07-31T09:30:41.186779	OK tut-1039b891 | github :: nkanven_MQL5_Include | elapsed=480s
2026-07-31T09:31:22.661813	OK tut-103a88e2 | github :: sibvic_snippets_Cond | elapsed=522s
2026-07-31T09:31:47.803752	OK tut-1058faa4 | github :: peterthomet_Pivots_P | elapsed=547s
2026-07-31T09:31:58.138894	OK tut-1088124d | github :: dennislwm_experts_Ph | elapsed=557s
2026-07-31T09:32:12.117240	OK tut-10d53591 | github :: sholafalana_MT5-MT4- | elapsed=571s
2026-07-31T09:33:41.797554	OK tut-1100682c | github :: MetaTrader5-to-Teleg | elapsed=118s
2026-07-31T09:33:48.123789	OK tut-116b97db | github :: borela_tests_old-tes | elapsed=667s
2026-07-31T09:34:21.957026	OK tut-11828016 | github :: nkanven_MQL5_Include | elapsed=701s
2026-07-31T09:34:35.827214	OK tut-11226bb0 | github :: dennislwm_indicators | elapsed=172s
2026-07-31T09:34:44.572044	OK tut-119fdd5d | github :: borela_tests_old-tes | elapsed=724s
2026-07-31T09:35:56.530114	OK tut-121565e3 | github :: mt4-mql-framework_mq | elapsed=252s
2026-07-31T09:36:13.442970	OK tut-123e7910 | github :: yulz008_GOLD_ORB_Inc | elapsed=813s
2026-07-31T09:36:22.861793	OK tut-12a8a2ae | github :: EA31337_Indicators_t | elapsed=822s
2026-07-31T09:36:27.004175	OK tut-12372c6e | github :: dingmaotu_OpenCL_Ope | elapsed=283s
2026-07-31T09:36:42.874782	OK tut-1371e830 | github :: borela_tests_old-tes | elapsed=842s
2026-07-31T09:40:23.453370	OK tut-147fdb3e | github :: EA31337_Indicators_t | elapsed=519s
2026-07-31T09:40:43.454574	OK tut-14c58b53 | github :: yulz008_GOLD_ORB_Inc | elapsed=146s
2026-07-31T09:41:10.832881	OK tut-154a9906 | github :: nkanven_MQL5_Include | elapsed=1110s
2026-07-31T09:41:25.481549	OK tut-14dbdf33 | github :: 9nix6_Include_AZ-INV | elapsed=581s
2026-07-31T09:41:44.904746	OK tut-14f1172c | github :: yulz008_GOLD_ORB_Inc | elapsed=208s
2026-07-31T09:42:12.667915	OK tut-155f3d9d | github :: Candlestick-Pattern- | elapsed=1172s
2026-07-31T09:43:28.261476	OK tut-156046f4 | github :: EA31337-classes_Indi | elapsed=311s
2026-07-31T09:44:48.339215	OK tut-16249117 | github :: EA31337-classes_Indi | elapsed=784s
2026-07-31T10:00:15.739695	OK tut-2ebbd52c | github :: EA31337-classes_Dict | elapsed=1712s
2026-07-31T10:00:18.543732	OK tut-2f16dc0d | github :: 9nix6_Indicators_Med | elapsed=1321s
2026-07-31T10:00:46.048444	OK tut-2ec623f5 | github :: yulz008_GOLD_ORB_Inc | elapsed=1742s
2026-07-31T10:00:52.635874	OK tut-2f1f7145 | github :: sibvic_snippets_Acti | elapsed=1355s
2026-07-31T10:01:00.162653	OK tut-2ec72f14 | github :: mt4-mql-framework_mq | elapsed=1756s
2026-07-31T10:04:49.097186	OK tut-13d6cf28 | github :: MegaJoctan_Sklearn_p | elapsed=45s
2026-07-31T10:05:35.483236	OK tut-13e60540 | github :: rosasurfer_mql40_lib | elapsed=92s
2026-07-31T10:06:13.992682	OK tut-163ba300 | github :: EA31337-classes_Indi | elapsed=130s
2026-07-31T10:07:03.096150	OK tut-16e4f6e5 | github :: ling007_MQL4 | elapsed=179s
2026-07-31T10:07:17.858040	OK tut-177f8980 | github :: JoeG777_MT4_Forex_Tr | elapsed=194s
2026-07-31T10:07:35.320650	OK tut-17b7683e | github :: EA31337-classes_Indi | elapsed=212s
2026-07-31T10:10:12.635481	OK tut-17ec7830 | github :: 9nix6_Indicators_Med | elapsed=16s
2026-07-31T10:12:44.663607	OK tut-181e0353 | github :: EA31337_Indicators_S | elapsed=28s
2026-07-31T10:13:06.801040	OK tut-18533d24 | github :: MegaJoctan_Pandas_In | elapsed=50s
2026-07-31T10:13:33.599249	OK tut-1879c5b0 | github :: dingmaotu_UI_Chart | elapsed=77s
2026-07-31T10:14:39.731950	OK tut-189bdd46 | github :: borela_tests_old-tes | elapsed=143s
2026-07-31T10:17:49.711277	OK tut-188349ac | github :: dingmaotu_Utils_Time | elapsed=42s
2026-07-31T10:22:09.132487	OK tut-18ad5ac2 | github :: rosasurfer_mql40_inc | elapsed=38s
2026-07-31T10:22:46.049658	OK tut-18b4d7c5 | github :: 9nix6_Experts_Exampl | elapsed=74s
2026-07-31T10:23:39.366318	OK tut-18dc6af2 | github :: sibvic_snippets_Stre | elapsed=128s
2026-07-31T10:24:06.039971	OK tut-18ed383f | github :: dennislwm_indicators | elapsed=154s
2026-07-31T10:24:48.016266	OK tut-19581b6b | github :: dennislwm_indicators | elapsed=196s
2026-07-31T10:28:13.516126	OK tut-19d39d2b | github :: peterthomet_Pivots_M | elapsed=46s
2026-07-31T10:29:05.270395	OK tut-1a2d0f1a | github :: mt4-mql-framework_mq | elapsed=98s
2026-07-31T10:29:18.290161	OK tut-1a36fe9a | github :: mt4-mql-framework_mq | elapsed=111s
2026-07-31T10:30:06.733225	OK tut-1a5ea307 | github :: dennislwm_experts_Fo | elapsed=160s
2026-07-31T10:30:32.604704	OK tut-1a7a27fa | github :: nkanven_MQL5_Include | elapsed=185s
2026-07-31T10:31:06.639582	OK tut-1a915e92 | github :: 9nix6_Include_AZ-INV | elapsed=219s
2026-07-31T10:31:40.304462	OK tut-1aaea8bd | github :: rosasurfer_mql40_inc | elapsed=253s
2026-07-31T10:32:16.321456	OK tut-1aeba2b7 | github :: BonneVoyager_MetaTra | elapsed=289s
2026-07-31T10:35:08.473053	OK tut-18d19ecb | github :: dingmaotu_Include_Zm | elapsed=15s
2026-07-31T10:35:53.990990	OK tut-1b05f960 | github :: EA31337-classes_Indi | elapsed=61s
2026-07-31T10:36:15.516256	OK tut-1b08be1f | github :: nkanven_MQL5_Include | elapsed=82s
2026-07-31T10:36:32.870535	OK tut-1b32ed8f | github :: sibvic_snippets_Acti | elapsed=100s
2026-07-31T10:36:47.665751	OK tut-1bf7cd8d | github :: EA31337_Indicators_t | elapsed=115s
2026-07-31T10:37:27.766972	OK tut-1c3aeffc | github :: rosasurfer_mql40_inc | elapsed=155s
2026-07-31T10:38:01.196549	OK tut-1c496fc3 | github :: MALE5_Neural Network | elapsed=188s
2026-07-31T10:38:21.004875	OK tut-1c5657a1 | github :: borela_tests_old-tes | elapsed=208s
2026-07-31T10:41:40.728034	OK tut-1c7d2977 | github :: EA31337_Indicators_t | elapsed=20s
2026-07-31T10:42:35.721179	OK tut-1c946c58 | github :: 9nix6_Indicators_Med | elapsed=75s
2026-07-31T10:42:55.792836	OK tut-1ca0dfb2 | github :: peterthomet_Machine_ | elapsed=95s
2026-07-31T10:43:13.488649	OK tut-1ce00288 | github :: rosasurfer_mql40_inc | elapsed=113s
2026-07-31T10:43:43.949695	OK tut-1d1a4af3 | github :: rosasurfer_mql40_inc | elapsed=144s
2026-07-31T10:43:58.791267	OK tut-1d60e579 | github :: geraked_Scripts_Stor | elapsed=158s
2026-07-31T10:44:55.808655	OK tut-1d9c3ffa | github :: rosasurfer_mql40_ind | elapsed=215s
2026-07-31T10:46:22.784522	OK tut-1df7518c | github :: dennislwm_indicators | elapsed=302s
2026-07-31T10:46:40.630406	OK tut-1dfe7da4 | github :: mql-zmq_Scripts_Zero | elapsed=320s
